{
    "bam - stats": {
        "content": [
            {
                "bam": [
                    [
                        "test.recal.bam:md5sum,22e22cd4b7da6967236f1c83277ea7e3",
                        "test.recal.bam.bai"
                    ]
                ],
                "flagstat": [
                    [
                        {
                            "id": "test"
                        },
                        "test.flagstat:md5,e6043ceb76066d54b76b4826b123aee4"
                    ]
                ],
                "idxstats": [
                    [
                        {
                            "id": "test"
                        },
                        "test.idxstats:md5,8e5968e48b5b9d524cbbc03922fea431"
                    ]
                ],
                "stats": [
                    
                ]
            }
        ],
        "timestamp": "2026-03-24T16:25:24.736369245",
        "meta": {
            "nf-test": "0.9.5",
            "nextflow": "26.03.0"
        }
    }
}